// Jest Snapshot v1, https://goo.gl/fbAQLP

exports[`Pruebas en GifItem Debe de hacer match con el Snapshot  1`] = `
<div>
  <div
    class="card"
  >
    <img
      alt="Lucy"
      src="https://cualquier-url"
    />
    <p>
      Lucy
    </p>
  </div>
</div>
`;
